=== date ===
2026-08-04T16:00:50+09:00
=== uname -a ===
Linux 1010-00702 5.15.167.4-microsoft-standard-WSL2 #1 SMP Tue Nov 5 00:21:55 UTC 2024 x86_64 x86_64 x86_64 GNU/Linux
=== docker version ===
Client: Docker Engine - Community
 Version:           28.1.1
 API version:       1.49
 Go version:        go1.23.8
 Git commit:        4eba377
 Built:             Fri Apr 18 09:52:14 2025
 OS/Arch:           linux/amd64
 Context:           default

Server: Docker Engine - Community
 Engine:
  Version:          28.1.1
  API version:      1.49 (minimum version 1.24)
  Go version:       go1.23.8
  Git commit:       01f442b
  Built:            Fri Apr 18 09:52:14 2025
  OS/Arch:          linux/amd64
  Experimental:     false
 containerd:
  Version:          1.7.27
  GitCommit:        05044ec0a9a75232cad458027ca83437aae3f4da
 runc:
  Version:          1.2.5
  GitCommit:        v1.2.5-0-g59923ef
 docker-init:
  Version:          0.19.0
  GitCommit:        de40ad0
=== docker compose version ===
Docker Compose version v2.35.1
=== docker info (抜粋なし・全量) ===
Client: Docker Engine - Community
 Version:    28.1.1
 Context:    default
 Debug Mode: false
 Plugins:
  buildx: Docker Buildx (Docker Inc.)
    Version:  v0.23.0
    Path:     /usr/libexec/docker/cli-plugins/docker-buildx
  compose: Docker Compose (Docker Inc.)
    Version:  v2.35.1
    Path:     /usr/libexec/docker/cli-plugins/docker-compose

Server:
 Containers: 89
  Running: 2
  Paused: 0
  Stopped: 87
 Images: 132
 Server Version: 28.1.1
 Storage Driver: overlay2
  Backing Filesystem: extfs
  Supports d_type: true
  Using metacopy: false
  Native Overlay Diff: true
  userxattr: false
 Logging Driver: json-file
 Cgroup Driver: cgroupfs
 Cgroup Version: 1
 Plugins:
  Volume: local
  Network: bridge host ipvlan macvlan null overlay
  Log: awslogs fluentd gcplogs gelf journald json-file local splunk syslog
 Swarm: inactive
 Runtimes: io.containerd.runc.v2 runc
 Default Runtime: runc
 Init Binary: docker-init
 containerd version: 05044ec0a9a75232cad458027ca83437aae3f4da
 runc version: v1.2.5-0-g59923ef
 init version: de40ad0
 Security Options:
  seccomp
   Profile: builtin
 Kernel Version: 5.15.167.4-microsoft-standard-WSL2
 Operating System: Ubuntu 24.04.2 LTS
 OSType: linux
 Architecture: x86_64
 CPUs: 14
 Total Memory: 15.36GiB
 Name: 1010-00702
 ID: c4b24c56-5ee8-4163-b2fe-81a90534fbd8
 Docker Root Dir: /var/lib/docker
 Debug Mode: false
 Experimental: false
 Insecure Registries:
  ::1/128
  127.0.0.0/8
 Live Restore Enabled: false

WARNING: No blkio throttle.read_bps_device support
WARNING: No blkio throttle.write_bps_device support
WARNING: No blkio throttle.read_iops_device support
WARNING: No blkio throttle.write_iops_device support
