=== date ===
2026-08-04T16:02:07+09:00
=== docker pull hello-world (レジストリ接続確認) ===
Using default tag: latest
latest: Pulling from library/hello-world
4f55086f7dd0: Pulling fs layer
4f55086f7dd0: Verifying Checksum
4f55086f7dd0: Download complete
4f55086f7dd0: Pull complete
Digest: sha256:c3cbe1cc1aa588a64951ac6286e0df7b27fe2e6324b1001c619bb358770c0178
Status: Downloaded newer image for hello-world:latest
docker.io/library/hello-world:latest
exit=0
=== docker run hello-world ===

Hello from Docker!
This message shows that your installation appears to be working correctly.

To generate this message, Docker took the following steps:
 1. The Docker client contacted the Docker daemon.
 2. The Docker daemon pulled the "hello-world" image from the Docker Hub.
    (amd64)
 3. The Docker daemon created a new container from that image which runs the
    executable that produces the output you are currently reading.
 4. The Docker daemon streamed that output to the Docker client, which sent it
    to your terminal.

To try something more ambitious, you can run an Ubuntu container with:
 $ docker run -it ubuntu bash

Share images, automate workflows, and more with a free Docker ID:
 https://hub.docker.com/

For more examples and ideas, visit:
 https://docs.docker.com/get-started/

exit=0
