scenarios/demo_contract_export.sh
# 実行日時: 2026-08-06 13:33:36 JST
# コマンドログ: verification/phase4/demo-contract-export.log

=== datacontract-cli 1.1.0: 契約の構文検証(lint)===
 datacontract Pulling 
 8cd3c9be5cea Pulling fs layer 
 7e40313d1b50 Pulling fs layer 
 89bf53bb4afb Pulling fs layer 
 faf3dad7ecc6 Pulling fs layer 
 b737b8dcbe27 Pulling fs layer 
 495601b49482 Pulling fs layer 
 356eba695ce1 Pulling fs layer 
 faf3dad7ecc6 Waiting 
 b737b8dcbe27 Waiting 
 495601b49482 Waiting 
 356eba695ce1 Waiting 
 89bf53bb4afb Downloading [==================================================>]     334B/334B
 89bf53bb4afb Download complete 
 8cd3c9be5cea Downloading [>                                                  ]  3.458kB/181.4kB
 8cd3c9be5cea Downloading [==================================================>]  181.4kB/181.4kB
 8cd3c9be5cea Verifying Checksum 
 8cd3c9be5cea Download complete 
 8cd3c9be5cea Extracting [=========>                                         ]  32.77kB/181.4kB
 8cd3c9be5cea Extracting [==================================================>]  181.4kB/181.4kB
 8cd3c9be5cea Extracting [==================================================>]  181.4kB/181.4kB
 7e40313d1b50 Downloading [>                                                  ]  277.5kB/26.41MB
 8cd3c9be5cea Pull complete 
 7e40313d1b50 Downloading [=====>                                             ]  3.046MB/26.41MB
 7e40313d1b50 Downloading [================>                                  ]  8.544MB/26.41MB
 7e40313d1b50 Downloading [=========================>                         ]  13.48MB/26.41MB
 7e40313d1b50 Downloading [====================================>              ]  19.54MB/26.41MB
 7e40313d1b50 Downloading [=============================================>     ]  23.96MB/26.41MB
 7e40313d1b50 Downloading [==================================================>]  26.41MB/26.41MB
 7e40313d1b50 Download complete 
 faf3dad7ecc6 Downloading [==================>                                ]  3.502kB/9.676kB
 faf3dad7ecc6 Download complete 
 7e40313d1b50 Extracting [>                                                  ]  294.9kB/26.41MB
 7e40313d1b50 Extracting [==>                                                ]   1.18MB/26.41MB
 7e40313d1b50 Extracting [===>                                               ]  1.769MB/26.41MB
 7e40313d1b50 Extracting [===>                                               ]  2.064MB/26.41MB
 7e40313d1b50 Extracting [====>                                              ]  2.359MB/26.41MB
 7e40313d1b50 Extracting [=====>                                             ]  2.654MB/26.41MB
 356eba695ce1 Downloading [==================================================>]     129B/129B
 356eba695ce1 Download complete 
 495601b49482 Downloading [>                                                  ]  532.1kB/257.7MB
 7e40313d1b50 Extracting [=====>                                             ]  2.949MB/26.41MB
 495601b49482 Downloading [>                                                  ]  4.279MB/257.7MB
 495601b49482 Downloading [=>                                                 ]  8.564MB/257.7MB
 495601b49482 Downloading [===>                                               ]  15.56MB/257.7MB
 b737b8dcbe27 Downloading [============================>                      ]  3.502kB/6.188kB
 b737b8dcbe27 Downloading [==================================================>]  6.188kB/6.188kB
 b737b8dcbe27 Download complete 
 495601b49482 Downloading [====>                                              ]   20.9MB/257.7MB
 7e40313d1b50 Extracting [======>                                            ]  3.244MB/26.41MB
 495601b49482 Downloading [=====>                                             ]  27.34MB/257.7MB
 495601b49482 Downloading [======>                                            ]  33.72MB/257.7MB
 7e40313d1b50 Extracting [======>                                            ]  3.539MB/26.41MB
 495601b49482 Downloading [=======>                                           ]  40.63MB/257.7MB
 495601b49482 Downloading [=========>                                         ]   46.5MB/257.7MB
 7e40313d1b50 Extracting [========>                                          ]  4.424MB/26.41MB
 495601b49482 Downloading [==========>                                        ]  51.82MB/257.7MB
 7e40313d1b50 Extracting [========>                                          ]  4.719MB/26.41MB
 495601b49482 Downloading [===========>                                       ]  57.19MB/257.7MB
 495601b49482 Downloading [============>                                      ]  63.58MB/257.7MB
 7e40313d1b50 Extracting [=========>                                         ]  5.014MB/26.41MB
 495601b49482 Downloading [=============>                                     ]  68.43MB/257.7MB
 7e40313d1b50 Extracting [==========>                                        ]  5.308MB/26.41MB
 495601b49482 Downloading [==============>                                    ]  74.33MB/257.7MB
 495601b49482 Downloading [===============>                                   ]   80.7MB/257.7MB
 7e40313d1b50 Extracting [===========>                                       ]  5.898MB/26.41MB
 495601b49482 Downloading [================>                                  ]  87.11MB/257.7MB
 7e40313d1b50 Extracting [============>                                      ]  6.488MB/26.41MB
 495601b49482 Downloading [=================>                                 ]  90.86MB/257.7MB
 7e40313d1b50 Extracting [===============>                                   ]  7.963MB/26.41MB
 495601b49482 Downloading [==================>                                ]  97.77MB/257.7MB
 7e40313d1b50 Extracting [=================>                                 ]  9.142MB/26.41MB
 495601b49482 Downloading [====================>                              ]  103.7MB/257.7MB
 495601b49482 Downloading [=====================>                             ]  109.6MB/257.7MB
 7e40313d1b50 Extracting [==================>                                ]  9.732MB/26.41MB
 495601b49482 Downloading [======================>                            ]  116.5MB/257.7MB
 7e40313d1b50 Extracting [===================>                               ]  10.32MB/26.41MB
 495601b49482 Downloading [=======================>                           ]  122.4MB/257.7MB
 7e40313d1b50 Extracting [====================>                              ]  10.91MB/26.41MB
 495601b49482 Downloading [========================>                          ]  128.8MB/257.7MB
 7e40313d1b50 Extracting [========================>                          ]  12.68MB/26.41MB
 495601b49482 Downloading [==========================>                        ]  135.3MB/257.7MB
 7e40313d1b50 Extracting [==============================>                    ]  16.22MB/26.41MB
 495601b49482 Downloading [===========================>                       ]  143.3MB/257.7MB
 7e40313d1b50 Extracting [==================================>                ]  17.99MB/26.41MB
 495601b49482 Downloading [============================>                      ]  148.6MB/257.7MB
 7e40313d1b50 Extracting [========================================>          ]  21.23MB/26.41MB
 495601b49482 Downloading [=============================>                     ]    154MB/257.7MB
 495601b49482 Downloading [===============================>                   ]  159.9MB/257.7MB
 7e40313d1b50 Extracting [==========================================>        ]  22.41MB/26.41MB
 495601b49482 Downloading [================================>                  ]  167.4MB/257.7MB
 7e40313d1b50 Extracting [===========================================>       ]     23MB/26.41MB
 495601b49482 Downloading [=================================>                 ]  174.3MB/257.7MB
 495601b49482 Downloading [===================================>               ]  180.7MB/257.7MB
 7e40313d1b50 Extracting [============================================>      ]  23.59MB/26.41MB
 495601b49482 Downloading [====================================>              ]  187.1MB/257.7MB
 7e40313d1b50 Extracting [==============================================>    ]  24.77MB/26.41MB
 495601b49482 Downloading [=====================================>             ]  193.5MB/257.7MB
 495601b49482 Downloading [======================================>            ]  199.9MB/257.7MB
 495601b49482 Downloading [========================================>          ]  206.3MB/257.7MB
 7e40313d1b50 Extracting [=================================================> ]  26.25MB/26.41MB
 495601b49482 Downloading [=========================================>         ]  212.7MB/257.7MB
 495601b49482 Downloading [==========================================>        ]  219.1MB/257.7MB
 7e40313d1b50 Extracting [==================================================>]  26.41MB/26.41MB
 495601b49482 Downloading [===========================================>       ]  225.5MB/257.7MB
 495601b49482 Downloading [============================================>      ]  230.9MB/257.7MB
 7e40313d1b50 Pull complete 
 89bf53bb4afb Extracting [==================================================>]     334B/334B
 89bf53bb4afb Extracting [==================================================>]     334B/334B
 89bf53bb4afb Pull complete 
 faf3dad7ecc6 Extracting [==================================================>]  9.676kB/9.676kB
 faf3dad7ecc6 Extracting [==================================================>]  9.676kB/9.676kB
 495601b49482 Downloading [==============================================>    ]  237.3MB/257.7MB
 faf3dad7ecc6 Pull complete 
 b737b8dcbe27 Extracting [==================================================>]  6.188kB/6.188kB
 b737b8dcbe27 Extracting [==================================================>]  6.188kB/6.188kB
 b737b8dcbe27 Pull complete 
 495601b49482 Downloading [===============================================>   ]  242.6MB/257.7MB
 495601b49482 Downloading [================================================>  ]  249.5MB/257.7MB
 495601b49482 Downloading [=================================================> ]  255.4MB/257.7MB
 495601b49482 Verifying Checksum 
 495601b49482 Download complete 
 495601b49482 Extracting [>                                                  ]  557.1kB/257.7MB
 495601b49482 Extracting [>                                                  ]  3.342MB/257.7MB
 495601b49482 Extracting [=>                                                 ]  7.799MB/257.7MB
 495601b49482 Extracting [==>                                                ]  12.26MB/257.7MB
 495601b49482 Extracting [===>                                               ]  16.71MB/257.7MB
 495601b49482 Extracting [===>                                               ]  20.61MB/257.7MB
 495601b49482 Extracting [====>                                              ]   23.4MB/257.7MB
 495601b49482 Extracting [====>                                              ]  25.62MB/257.7MB
 495601b49482 Extracting [=====>                                             ]  26.18MB/257.7MB
 495601b49482 Extracting [=====>                                             ]  26.74MB/257.7MB
 495601b49482 Extracting [=====>                                             ]   27.3MB/257.7MB
 495601b49482 Extracting [=====>                                             ]  27.85MB/257.7MB
 495601b49482 Extracting [=====>                                             ]  28.41MB/257.7MB
 495601b49482 Extracting [=====>                                             ]  29.52MB/257.7MB
 495601b49482 Extracting [=====>                                             ]  30.64MB/257.7MB
 495601b49482 Extracting [======>                                            ]  31.75MB/257.7MB
 495601b49482 Extracting [======>                                            ]  32.31MB/257.7MB
 495601b49482 Extracting [======>                                            ]  33.42MB/257.7MB
 495601b49482 Extracting [======>                                            ]  34.54MB/257.7MB
 495601b49482 Extracting [=======>                                           ]  36.77MB/257.7MB
 495601b49482 Extracting [=======>                                           ]  37.88MB/257.7MB
 495601b49482 Extracting [=======>                                           ]  38.99MB/257.7MB
 495601b49482 Extracting [=======>                                           ]  40.11MB/257.7MB
 495601b49482 Extracting [=======>                                           ]  41.22MB/257.7MB
 495601b49482 Extracting [========>                                          ]  42.34MB/257.7MB
 495601b49482 Extracting [========>                                          ]  44.01MB/257.7MB
 495601b49482 Extracting [========>                                          ]  45.12MB/257.7MB
 495601b49482 Extracting [========>                                          ]  46.24MB/257.7MB
 495601b49482 Extracting [=========>                                         ]  46.79MB/257.7MB
 495601b49482 Extracting [=========>                                         ]  47.91MB/257.7MB
 495601b49482 Extracting [==========>                                        ]  51.81MB/257.7MB
 495601b49482 Extracting [===========>                                       ]  56.82MB/257.7MB
 495601b49482 Extracting [===========>                                       ]  58.49MB/257.7MB
 495601b49482 Extracting [===========>                                       ]   59.6MB/257.7MB
 495601b49482 Extracting [===========>                                       ]  60.16MB/257.7MB
 495601b49482 Extracting [============>                                      ]  62.39MB/257.7MB
 495601b49482 Extracting [============>                                      ]   63.5MB/257.7MB
 495601b49482 Extracting [============>                                      ]  64.06MB/257.7MB
 495601b49482 Extracting [============>                                      ]  64.62MB/257.7MB
 495601b49482 Extracting [=============>                                     ]   67.4MB/257.7MB
 495601b49482 Extracting [=============>                                     ]  71.86MB/257.7MB
 495601b49482 Extracting [==============>                                    ]  74.65MB/257.7MB
 495601b49482 Extracting [===============>                                   ]   79.1MB/257.7MB
 495601b49482 Extracting [================>                                  ]     83MB/257.7MB
 495601b49482 Extracting [================>                                  ]   86.9MB/257.7MB
 495601b49482 Extracting [=================>                                 ]   90.8MB/257.7MB
 495601b49482 Extracting [=================>                                 ]  91.36MB/257.7MB
 495601b49482 Extracting [==================>                                ]   94.7MB/257.7MB
 495601b49482 Extracting [==================>                                ]  95.26MB/257.7MB
 495601b49482 Extracting [==================>                                ]  96.37MB/257.7MB
 495601b49482 Extracting [==================>                                ]  96.93MB/257.7MB
 495601b49482 Extracting [===================>                               ]  98.04MB/257.7MB
 495601b49482 Extracting [===================>                               ]   98.6MB/257.7MB
 495601b49482 Extracting [===================>                               ]  99.16MB/257.7MB
 495601b49482 Extracting [====================>                              ]  103.6MB/257.7MB
 495601b49482 Extracting [====================>                              ]  106.4MB/257.7MB
 495601b49482 Extracting [====================>                              ]  107.5MB/257.7MB
 495601b49482 Extracting [====================>                              ]  108.1MB/257.7MB
 495601b49482 Extracting [=====================>                             ]  108.6MB/257.7MB
 495601b49482 Extracting [=====================>                             ]  109.7MB/257.7MB
 495601b49482 Extracting [=====================>                             ]  110.3MB/257.7MB
 495601b49482 Extracting [=====================>                             ]  110.9MB/257.7MB
 495601b49482 Extracting [=====================>                             ]    112MB/257.7MB
 495601b49482 Extracting [=====================>                             ]  113.1MB/257.7MB
 495601b49482 Extracting [======================>                            ]  113.6MB/257.7MB
 495601b49482 Extracting [======================>                            ]  115.3MB/257.7MB
 495601b49482 Extracting [======================>                            ]  116.4MB/257.7MB
 495601b49482 Extracting [=======================>                           ]  120.3MB/257.7MB
 495601b49482 Extracting [=======================>                           ]    122MB/257.7MB
 495601b49482 Extracting [=======================>                           ]  122.6MB/257.7MB
 495601b49482 Extracting [=======================>                           ]  123.1MB/257.7MB
 495601b49482 Extracting [========================>                          ]  124.2MB/257.7MB
 495601b49482 Extracting [========================>                          ]  125.3MB/257.7MB
 495601b49482 Extracting [========================>                          ]    127MB/257.7MB
 495601b49482 Extracting [========================>                          ]  127.6MB/257.7MB
 495601b49482 Extracting [=========================>                         ]  130.9MB/257.7MB
 495601b49482 Extracting [==========================>                        ]  134.8MB/257.7MB
 495601b49482 Extracting [==========================>                        ]  136.5MB/257.7MB
 495601b49482 Extracting [==========================>                        ]    137MB/257.7MB
 495601b49482 Extracting [==========================>                        ]  138.1MB/257.7MB
 495601b49482 Extracting [===========================>                       ]  140.4MB/257.7MB
 495601b49482 Extracting [===========================>                       ]  143.7MB/257.7MB
 495601b49482 Extracting [============================>                      ]  147.6MB/257.7MB
 495601b49482 Extracting [============================>                      ]  149.3MB/257.7MB
 495601b49482 Extracting [=============================>                     ]  150.4MB/257.7MB
 495601b49482 Extracting [=============================>                     ]  151.5MB/257.7MB
 495601b49482 Extracting [=============================>                     ]  152.6MB/257.7MB
 495601b49482 Extracting [=============================>                     ]  153.7MB/257.7MB
 495601b49482 Extracting [=============================>                     ]  154.3MB/257.7MB
 495601b49482 Extracting [==============================>                    ]  155.4MB/257.7MB
 495601b49482 Extracting [==============================>                    ]  156.5MB/257.7MB
 495601b49482 Extracting [==============================>                    ]  157.1MB/257.7MB
 495601b49482 Extracting [==============================>                    ]  158.2MB/257.7MB
 495601b49482 Extracting [==============================>                    ]  159.3MB/257.7MB
 495601b49482 Extracting [===============================>                   ]  160.4MB/257.7MB
 495601b49482 Extracting [===============================>                   ]    161MB/257.7MB
 495601b49482 Extracting [===============================>                   ]  161.5MB/257.7MB
 495601b49482 Extracting [===============================>                   ]  162.1MB/257.7MB
 495601b49482 Extracting [===============================>                   ]  162.7MB/257.7MB
 495601b49482 Extracting [===============================>                   ]  163.8MB/257.7MB
 495601b49482 Extracting [===============================>                   ]  164.9MB/257.7MB
 495601b49482 Extracting [================================>                  ]  165.4MB/257.7MB
 495601b49482 Extracting [================================>                  ]    166MB/257.7MB
 495601b49482 Extracting [================================>                  ]  166.6MB/257.7MB
 495601b49482 Extracting [================================>                  ]  167.1MB/257.7MB
 495601b49482 Extracting [================================>                  ]  169.9MB/257.7MB
 495601b49482 Extracting [=================================>                 ]  172.7MB/257.7MB
 495601b49482 Extracting [==================================>                ]  175.5MB/257.7MB
 495601b49482 Extracting [==================================>                ]    176MB/257.7MB
 495601b49482 Extracting [==================================>                ]  177.1MB/257.7MB
 495601b49482 Extracting [==================================>                ]  179.9MB/257.7MB
 495601b49482 Extracting [===================================>               ]  184.4MB/257.7MB
 495601b49482 Extracting [====================================>              ]  189.4MB/257.7MB
 495601b49482 Extracting [=====================================>             ]  194.4MB/257.7MB
 495601b49482 Extracting [======================================>            ]  197.2MB/257.7MB
 495601b49482 Extracting [======================================>            ]  200.5MB/257.7MB
 495601b49482 Extracting [=======================================>           ]  203.3MB/257.7MB
 495601b49482 Extracting [========================================>          ]  208.3MB/257.7MB
 495601b49482 Extracting [=========================================>         ]  212.2MB/257.7MB
 495601b49482 Extracting [=========================================>         ]    215MB/257.7MB
 495601b49482 Extracting [==========================================>        ]  218.9MB/257.7MB
 495601b49482 Extracting [===========================================>       ]  222.3MB/257.7MB
 495601b49482 Extracting [===========================================>       ]  222.8MB/257.7MB
 495601b49482 Extracting [===========================================>       ]  223.9MB/257.7MB
 495601b49482 Extracting [===========================================>       ]  224.5MB/257.7MB
 495601b49482 Extracting [===========================================>       ]  225.1MB/257.7MB
 495601b49482 Extracting [===========================================>       ]  225.6MB/257.7MB
 495601b49482 Extracting [===========================================>       ]  226.7MB/257.7MB
 495601b49482 Extracting [============================================>      ]  229.5MB/257.7MB
 495601b49482 Extracting [============================================>      ]  230.6MB/257.7MB
 495601b49482 Extracting [============================================>      ]  231.7MB/257.7MB
 495601b49482 Extracting [=============================================>     ]  232.3MB/257.7MB
 495601b49482 Extracting [=============================================>     ]  233.4MB/257.7MB
 495601b49482 Extracting [=============================================>     ]  235.6MB/257.7MB
 495601b49482 Extracting [=============================================>     ]  236.2MB/257.7MB
 495601b49482 Extracting [=============================================>     ]  236.7MB/257.7MB
 495601b49482 Extracting [==============================================>    ]  237.9MB/257.7MB
 495601b49482 Extracting [==============================================>    ]  238.4MB/257.7MB
 495601b49482 Extracting [==============================================>    ]    239MB/257.7MB
 495601b49482 Extracting [==============================================>    ]  240.1MB/257.7MB
 495601b49482 Extracting [==============================================>    ]  240.6MB/257.7MB
 495601b49482 Extracting [==============================================>    ]  241.2MB/257.7MB
 495601b49482 Extracting [===============================================>   ]  242.3MB/257.7MB
 495601b49482 Extracting [===============================================>   ]  243.4MB/257.7MB
 495601b49482 Extracting [===============================================>   ]  245.7MB/257.7MB
 495601b49482 Extracting [===============================================>   ]  246.8MB/257.7MB
 495601b49482 Extracting [================================================>  ]  247.9MB/257.7MB
 495601b49482 Extracting [================================================>  ]  248.4MB/257.7MB
 495601b49482 Extracting [================================================>  ]    249MB/257.7MB
 495601b49482 Extracting [================================================>  ]  249.6MB/257.7MB
 495601b49482 Extracting [================================================>  ]  250.1MB/257.7MB
 495601b49482 Extracting [================================================>  ]  250.7MB/257.7MB
 495601b49482 Extracting [================================================>  ]  251.2MB/257.7MB
 495601b49482 Extracting [=================================================> ]  254.6MB/257.7MB
 495601b49482 Extracting [=================================================> ]  257.4MB/257.7MB
 495601b49482 Extracting [==================================================>]  257.7MB/257.7MB
 495601b49482 Pull complete 
 356eba695ce1 Extracting [==================================================>]     129B/129B
 356eba695ce1 Extracting [==================================================>]     129B/129B
 356eba695ce1 Pull complete 
 datacontract Pulled 
╭────────┬──────────────────────────────────────┬───────┬─────────╮
│ Result │ Check                                │ Field │ Details │
├────────┼──────────────────────────────────────┼───────┼─────────┤
│ passed │ Data contract is syntactically valid │       │         │
╰────────┴──────────────────────────────────────┴───────┴─────────╯
🟢 data contract is valid. Run 1 checks. Took 0.23899 seconds.

=== 契約を利害関係者向けの形式に変換(export)===
Written result to verification/phase4/export/daily_sales.html
[証跡] verification/phase4/export/daily_sales.html(ブラウザで開ける契約仕様書)
Written result to verification/phase4/export/daily_sales.mmd
[証跡] verification/phase4/export/daily_sales.mmd(ER 図。以下に内容を表示)
erDiagram
	"**daily_sales**" {
	sales_date🔑🔒 date
	order_count integer
	total_amount number
}

Written result to verification/phase4/export/daily_sales.md
[証跡] verification/phase4/export/daily_sales.md(Markdown 形式の契約仕様書)

=== 契約から品質チェック定義を導出(領域Aとのつながり)===
Written result to verification/phase4/export/daily_sales.sodacl.yaml
[証跡] verification/phase4/export/daily_sales.sodacl.yaml(SodaCL 形式。Soda Core 3.x 系の記法)
Written result to verification/phase4/export/daily_sales.gx.json
[証跡] verification/phase4/export/daily_sales.gx.json(Great Expectations の Expectation Suite)

datacontract 結果: 契約の可視化 5 形式を保存(exit 0)
exit=0
